[LoginGuard] Connection Error: Error: read ECONNRESET
Disconnected: socketclosed
[LoginGuard] Connection Failed: Server is under maintenance or restarting.
Bot has not spawned after 60 seconds. Exiting.
[LoginGuard] Connection Error: Error: read ECONNRESET
Disconnected: socketclosed
[LoginGuard] Connection Failed: Server is under maintenance or restarting.
Bot has not spawned after 60 seconds. Exiting.
[LoginGuard] Connection Error: Error: read ECONNRESET
Disconnected: socketclosed
[LoginGuard] Connection Failed: Server is under maintenance or restarting.
Bot has not spawned after 60 seconds. Exiting.
[LoginGuard] Connection Error: Error: read ECONNRESET
Disconnected: socketclosed
[LoginGuard] Connection Failed: Server is under maintenance or restarting.
Bot has not spawned after 60 seconds. Exiting.
[LoginGuard] Connection Error: Error: read ECONNRESET
Disconnected: socketclosed
[LoginGuard] Connection Failed: Server is under maintenance or restarting.
Bot has not spawned after 60 seconds. Exiting.
[LoginGuard] Connection Error: Error: read ECONNRESET
Disconnected: socketclosed
[LoginGuard] Connection Failed: Server is under maintenance or restarting.
Bot has not spawned after 60 seconds. Exiting.
[LoginGuard] Connection Error: Error: read ECONNRESET
Disconnected: socketclosed
[LoginGuard] Connection Failed: Server is under maintenance or restarting.
Bot has not spawned after 60 seconds. Exiting.
[LoginGuard] Connection Error: Error: read ECONNRESET
Disconnected: socketclosed
[LoginGuard] Connection Failed: Server is under maintenance or restarting.
ot read properties of undefined (reading 'timeOfDay')
    at getFullState (file:///C:/Users/updes/mindcraft/src/agent/library/full_state.js:27:18)
    at Socket.<anonymous> (file:///C:/Users/updes/mindcraft/src/agent/mindserver_proxy.js:74:31)
    at Emitter.emit (C:\Users\updes\mindcraft\node_modules\@socket.io\component-emitter\lib\cjs\index.js:143:20)
    at Socket.emitEvent (file:///C:/Users/updes/mindcraft/node_modules/socket.io-client/build/esm-debug/socket.js:552:20)
    at Socket.onevent (file:///C:/Users/updes/mindcraft/node_modules/socket.io-client/build/esm-debug/socket.js:539:18)
    at Socket.onpacket (file:///C:/Users/updes/mindcraft/node_modules/socket.io-client/build/esm-debug/socket.js:507:22)
    at Emitter.emit (C:\Users\updes\mindcraft\node_modules\@socket.io\component-emitter\lib\cjs\index.js:143:20)
    at file:///C:/Users/updes/mindcraft/node_modules/socket.io-client/build/esm-debug/manager.js:217:18
    at process.processTicksAndRejections (node:internal/process/task_queues:89:21)
Error getting full state: TypeError: Canno[Reflection] Error: Cannot read properties of undefined (reading 'sendRequest')
[MetaLearner] Error: Cannot read properties of undefined (reading 'sendRequest')
[LoginGuard] Connection Error: Error: write ECONNABORTED
Disconnected: socketclosed
[LoginGuard] Connection Failed: Server is under maintenance or restarting.
[Agent] Could not join survival via commands. Will retry in next cycle.
es\@socket.io\component-emitter\lib\cjs\index.js:143:20)
    at Socket.emitEvent (file:///C:/Users/updes/mindcraft/node_modules/socket.io-client/build/esm-debug/socket.js:552:20)
    at Socket.onevent (file:///C:/Users/updes/mindcraft/node_modules/socket.io-client/build/esm-debug/socket.js:539:18)
    at Socket.onpacket (file:///C:/Users/updes/mindcraft/node_modules/socket.io-client/build/esm-debug/socket.js:507:22)
    at Emitter.emit (C:\Users\updes\mindcraft\node_modules\@socket.io\component-emitter\lib\cjs\index.js:143:20)
    at file:///C:/Users/updes/mindcraft/node_modules/socket.io-client/build/esm-debug/manager.js:217:18
    at process.processTicksAndRejections (node:internal/process/task_queues:89:21)
Disconnected: {"color":"red","text":"you are already connected to this proxy!"}
[LoginGuard] Name Conflict: The name is already in use or you are already logged in.
Error getting full state: TypeError: Cannot read properties of undefined (reading 'position')
    at getBlockAtPosition (file:///C:/Users/updes/mindcraft/src/agent/library/world.js:54:40)
    at getFullState (file:///C:/Users/updes/mindcraft/src/agent/library/full_state.js:30:19)
    at Socket.<anonymous> (file:///C:/Users/updes/mindcraft/src/agent/mindserver_proxy.js:74:31)
    at Emitter.emit (C:\Users\updes\mindcraft\node_modules\@socket.io\component-emitter\lib\cjs\index.js:143:20)
    at Socket.emitEvent (file:///C:/Users/updes/mindcraft/node_modules/socket.io-client/build/esm-debug/socket.js:552:20)
    at Socket.onevent (file:///C:/Users/updes/mindcraft/node_modules/socket.io-client/build/esm-debug/socket.js:539:18)
    at Socket.onpacket (file:///C:/Users/updes/mindcraft/node_modules/socket.io-client/build/esm-debug/socket.js:507:22)
    at Emitter.emit (C:\Users\updes\mindcraft\node_modules\@socket.io\component-emitter\lib\cjs\index.js:143:20)
    at file:///C:/Users/updes/mindcraft/node_modules/socket.io-client/build/esm-debug/manager.js:217:18
    at process.processTicksAndRejections (node:internal/process/task_queues:89:21)
Error getting full state: TypeError: Cannot read properties of undefined (reading 'position')
    at getBlockAtPosition (file:///C:/Users/updes/mindcraft/src/agent/library/world.js:54:40)
    at getFullState (file:///C:/Users/updes/mindcraft/src/agent/library/full_state.js:30:19)
    at Socket.<anonymous> (file:///C:/Users/updes/mindcraft/src/agent/mindserver_proxy.js:74:31)
    at Emitter.emit (C:\Users\updes\mindcraft\node_modules\@socket.io\component-emitter\lib\cjs\index.js:143:20)
    at Socket.emitEvent (file:///C:/Users/updes/mindcraft/node_modules/socket.io-client/build/esm-debug/socket.js:552:20)
    at Socket.onevent (file:///C:/Users/updes/mindcraft/node_modules/socket.io-client/build/esm-debug/socket.js:539:18)
    at Socket.onpacket (file:///C:/Users/updes/mindcraft/node_modules/socket.io-client/build/esm-debug/socket.js:507:22)
    at Emitter.emit (C:\Users\updes\mindcraft\node_modules\@socket.io\component-emitter\lib\cjs\index.js:143:20)
    at file:///C:/Users/updes/mindcraft/node_modules/socket.io-client/build/esm-debug/manager.js:217:18
    at process.processTicksAndRejections (node:internal/process/task_queues:89:21)
Error getting full state: TypeError: Cannot read properties of undefined (reading 'position')
    at getBlockAtPosition (file:///C:/Users/updes/mindcraft/src/agent/library/world.js:54:40)
    at getFullState (file:///C:/Users/updes/mindcraft/src/agent/library/full_state.js:30:19)
    at Socket.<anonymous> (file:///C:/Users/updes/mindcraft/src/agent/mindserver_proxy.js:74:31)
    at Emitter.emit (C:\Users\updes\mindcraft\node_modules\@socket.io\component-emitter\lib\cjs\index.js:143:20)
    at Socket.emitEvent (file:///C:/Users/updes/mindcraft/node_modules/socket.io-client/build/esm-debug/socket.js:552:20)
    at Socket.onevent (file:///C:/Users/updes/mindcraft/node_modules/socket.io-client/build/esm-debug/socket.js:539:18)
    at Socket.onpacket (file:///C:/Users/updes/mindcraft/node_modules/socket.io-client/build/esm-debug/socket.js:507:22)
    at Emitter.emit (C:\Users\updes\mindcraft\node_modules\@socket.io\component-emitter\lib\cjs\index.js:143:20)
    at file:///C:/Users/updes/mindcraft/node_modules/socket.io-client/build/esm-debug/manager.js:217:18
    at process.processTicksAndRejections (node:internal/process/task_queues:89:21)
Error getting full state: TypeError: Cannot read properties of undefined (reading 'position')
    at getBlockAtPosition (file:///C:/Users/updes/mindcraft/src/agent/library/world.js:54:40)
    at getFullState (file:///C:/Users/updes/mindcraft/src/agent/library/full_state.js:30:19)
    at Socket.<anonymous> (file:///C:/Users/updes/mindcraft/src/agent/mindserver_proxy.js:74:31)
    at Emitter.emit (C:\Users\updes\mindcraft\node_modules\@socket.io\component-emitter\lib\cjs\index.js:143:20)
    at Socket.emitEvent (file:///C:/Users/updes/mindcraft/node_modules/socket.io-client/build/esm-debug/socket.js:552:20)
    at Socket.onevent (file:///C:/Users/updes/mindcraft/node_modules/socket.io-client/build/esm-debug/socket.js:539:18)
    at Socket.onpacket (file:///C:/Users/updes/mindcraft/node_modules/socket.io-client/build/esm-debug/socket.js:507:22)
    at Emitter.emit (C:\Users\updes\mindcraft\node_modules\@socket.io\component-emitter\lib\cjs\index.js:143:20)
    at file:///C:/Users/updes/mindcraft/node_modules/socket.io-client/build/esm-debug/manager.js:217:18
    at process.processTicksAndRejections (node:internal/process/task_queues:89:21)
Error getting full state: TypeError: Cannot read properties of undefined (reading 'position')
    at getBlockAtPosition (file:///C:/Users/updes/mindcraft/src/agent/library/world.js:54:40)
    at getFullState (file:///C:/Users/updes/mindcraft/src/agent/library/full_state.js:30:19)
    at Socket.<anonymous> (file:///C:/Users/updes/mindcraft/src/agent/mindserver_proxy.js:74:31)
    at Emitter.emit (C:\Users\updes\mindcraft\node_modules\@socket.io\component-emitter\lib\cjs\index.js:143:20)
    at Socket.emitEvent (file:///C:/Users/updes/mindcraft/node_modules/socket.io-client/build/esm-debug/socket.js:552:20)
    at Socket.onevent (file:///C:/Users/updes/mindcraft/node_modules/socket.io-client/build/esm-debug/socket.js:539:18)
    at Socket.onpacket (file:///C:/Users/updes/mindcraft/node_modules/socket.io-client/build/esm-debug/socket.js:507:22)
    at Emitter.emit (C:\Users\updes\mindcraft\node_modules\@socket.io\component-emitter\lib\cjs\index.js:143:20)
    at file:///C:/Users/updes/mindcraft/node_modules/socket.io-client/build/esm-debug/manager.js:217:18
    at process.processTicksAndRejections (node:internal/process/task_queues:89:21)
Error getting full state: TypeError: Cannot read properties of undefined (reading 'position')
    at getBlockAtPosition (file:///C:/Users/updes/mindcraft/src/agent/library/world.js:54:40)
    at getFullState (file:///C:/Users/updes/mindcraft/src/agent/library/full_state.js:30:19)
    at Socket.<anonymous> (file:///C:/Users/updes/mindcraft/src/agent/mindserver_proxy.js:74:31)
    at Emitter.emit (C:\Users\updes\mindcraft\node_modules\@socket.io\component-emitter\lib\cjs\index.js:143:20)
    at Socket.emitEvent (file:///C:/Users/updes/mindcraft/node_modules/socket.io-client/build/esm-debug/socket.js:552:20)
    at Socket.onevent (file:///C:/Users/updes/mindcraft/node_modules/socket.io-client/build/esm-debug/socket.js:539:18)
    at Socket.onpacket (file:///C:/Users/updes/mindcraft/node_modules/socket.io-client/build/esm-debug/socket.js:507:22)
    at Emitter.emit (C:\Users\updes\mindcraft\node_modules\@socket.io\component-emitter\lib\cjs\index.js:143:20)
    at file:///C:/Users/updes/mindcraft/node_modules/socket.io-client/build/esm-debug/manager.js:217:18
    at process.processTicksAndRejections (node:internal/process/task_queues:89:21)
Bot has not spawned after 60 seconds. Exiting.
Error getting full state: TypeError: Cannot read properties of undefined (reading 'timeOfDay')
    at getFullState (file:///C:/Users/updes/mindcraft/src/agent/library/full_state.js:27:18)
    at Socket.<anonymous> (file:///C:/Users/updes/mindcraft/src/agent/mindserver_proxy.js:74:31)
    at Emitter.emit (C:\Users\updes\mindcraft\node_modules\@socket.io\component-emitter\lib\cjs\index.js:143:20)
    at Socket.emitEvent (file:///C:/Users/updes/mindcraft/node_modules/socket.io-client/build/esm-debug/socket.js:552:20)
    at Socket.onevent (file:///C:/Users/updes/mindcraft/node_modules/socket.io-client/build/esm-debug/socket.js:539:18)
    at Socket.onpacket (file:///C:/Users/updes/mindcraft/node_modules/socket.io-client/build/esm-debug/socket.js:507:22)
    at Emitter.emit (C:\Users\updes\mindcraft\node_modules\@socket.io\component-emitter\lib\cjs\index.js:143:20)
    at file:///C:/Users/updes/mindcraft/node_modules/socket.io-client/build/esm-debug/manager.js:217:18
    at process.processTicksAndRejections (node:internal/process/task_queues:89:21)
Error getting full state: TypeError: Cannot read properties of undefined (reading 'timeOfDay')
    at getFullState (file:///C:/Users/updes/mindcraft/src/agent/library/full_state.js:27:18)
    at Socket.<anonymous> (file:///C:/Users/updes/mindcraft/src/agent/mindserver_proxy.js:74:31)
    at Emitter.emit (C:\Users\updes\mindcraft\node_modules\@socket.io\component-emitter\lib\cjs\index.js:143:20)
    at Socket.emitEvent (file:///C:/Users/updes/mindcraft/node_modules/socket.io-client/build/esm-debug/socket.js:552:20)
    at Socket.onevent (file:///C:/Users/updes/mindcraft/node_modules/socket.io-client/build/esm-debug/socket.js:539:18)
    at Socket.onpacket (file:///C:/Users/updes/mindcraft/node_modules/socket.io-client/build/esm-debug/socket.js:507:22)
    at Emitter.emit (C:\Users\updes\mindcraft\node_modules\@socket.io\component-emitter\lib\cjs\index.js:143:20)
    at file:///C:/Users/updes/mindcraft/node_modules/socket.io-client/build/esm-debug/manager.js:217:18
    at process.processTicksAndRejections (node:internal/process/task_queues:89:21)
Disconnected: {"color":"red","text":"you are already connected to this proxy!"}
[LoginGuard] Name Conflict: The name is already in use or you are already logged in.
Error getting full state: TypeError: Cannot read properties of undefined (reading 'position')
    at getBlockAtPosition (file:///C:/Users/updes/mindcraft/src/agent/library/world.js:54:40)
    at getFullState (file:///C:/Users/updes/mindcraft/src/agent/library/full_state.js:30:19)
    at Socket.<anonymous> (file:///C:/Users/updes/mindcraft/src/agent/mindserver_proxy.js:74:31)
    at Emitter.emit (C:\Users\updes\mindcraft\node_modules\@socket.io\component-emitter\lib\cjs\index.js:143:20)
    at Socket.emitEvent (file:///C:/Users/updes/mindcraft/node_modules/socket.io-client/build/esm-debug/socket.js:552:20)
    at Socket.onevent (file:///C:/Users/updes/mindcraft/node_modules/socket.io-client/build/esm-debug/socket.js:539:18)
    at Socket.onpacket (file:///C:/Users/updes/mindcraft/node_modules/socket.io-client/build/esm-debug/socket.js:507:22)
    at Emitter.emit (C:\Users\updes\mindcraft\node_modules\@socket.io\component-emitter\lib\cjs\index.js:143:20)
    at file:///C:/Users/updes/mindcraft/node_modules/socket.io-client/build/esm-debug/manager.js:217:18
    at process.processTicksAndRejections (node:internal/process/task_queues:89:21)
Error getting full state: TypeError: Cannot read properties of undefined (reading 'position')
    at getBlockAtPosition (file:///C:/Users/updes/mindcraft/src/agent/library/world.js:54:40)
    at getFullState (file:///C:/Users/updes/mindcraft/src/agent/library/full_state.js:30:19)
    at Socket.<anonymous> (file:///C:/Users/updes/mindcraft/src/agent/mindserver_proxy.js:74:31)
    at Emitter.emit (C:\Users\updes\mindcraft\node_modules\@socket.io\component-emitter\lib\cjs\index.js:143:20)
    at Socket.emitEvent (file:///C:/Users/updes/mindcraft/node_modules/socket.io-client/build/esm-debug/socket.js:552:20)
    at Socket.onevent (file:///C:/Users/updes/mindcraft/node_modules/socket.io-client/build/esm-debug/socket.js:539:18)
    at Socket.onpacket (file:///C:/Users/updes/mindcraft/node_modules/socket.io-client/build/esm-debug/socket.js:507:22)
    at Emitter.emit (C:\Users\updes\mindcraft\node_modules\@socket.io\component-emitter\lib\cjs\index.js:143:20)
    at file:///C:/Users/updes/mindcraft/node_modules/socket.io-client/build/esm-debug/manager.js:217:18
    at process.processTicksAndRejections (node:internal/process/task_queues:89:21)
Error getting full state: TypeError: Cannot read properties of undefined (reading 'position')
    at getBlockAtPosition (file:///C:/Users/updes/mindcraft/src/agent/library/world.js:54:40)
    at getFullState (file:///C:/Users/updes/mindcraft/src/agent/library/full_state.js:30:19)
    at Socket.<anonymous> (file:///C:/Users/updes/mindcraft/src/agent/mindserver_proxy.js:74:31)
    at Emitter.emit (C:\Users\updes\mindcraft\node_modules\@socket.io\component-emitter\lib\cjs\index.js:143:20)
    at Socket.emitEvent (file:///C:/Users/updes/mindcraft/node_modules/socket.io-client/build/esm-debug/socket.js:552:20)
    at Socket.onevent (file:///C:/Users/updes/mindcraft/node_modules/socket.io-client/build/esm-debug/socket.js:539:18)
    at Socket.onpacket (file:///C:/Users/updes/mindcraft/node_modules/socket.io-client/build/esm-debug/socket.js:507:22)
    at Emitter.emit (C:\Users\updes\mindcraft\node_modules\@socket.io\component-emitter\lib\cjs\index.js:143:20)
    at file:///C:/Users/updes/mindcraft/node_modules/socket.io-client/build/esm-debug/manager.js:217:18
    at process.processTicksAndRejections (node:internal/process/task_queues:89:21)
Error getting full state: TypeError: Cannot read properties of undefined (reading 'position')
    at getBlockAtPosition (file:///C:/Users/updes/mindcraft/src/agent/library/world.js:54:40)
    at getFullState (file:///C:/Users/updes/mindcraft/src/agent/library/full_state.js:30:19)
    at Socket.<anonymous> (file:///C:/Users/updes/mindcraft/src/agent/mindserver_proxy.js:74:31)
    at Emitter.emit (C:\Users\updes\mindcraft\node_modules\@socket.io\component-emitter\lib\cjs\index.js:143:20)
    at Socket.emitEvent (file:///C:/Users/updes/mindcraft/node_modules/socket.io-client/build/esm-debug/socket.js:552:20)
    at Socket.onevent (file:///C:/Users/updes/mindcraft/node_modules/socket.io-client/build/esm-debug/socket.js:539:18)
    at Socket.onpacket (file:///C:/Users/updes/mindcraft/node_modules/socket.io-client/build/esm-debug/socket.js:507:22)
    at Emitter.emit (C:\Users\updes\mindcraft\node_modules\@socket.io\component-emitter\lib\cjs\index.js:143:20)
    at file:///C:/Users/updes/mindcraft/node_modules/socket.io-client/build/esm-debug/manager.js:217:18
    at process.processTicksAndRejections (node:internal/process/task_queues:89:21)
Error getting full state: TypeError: Cannot read properties of undefined (reading 'position')
    at getBlockAtPosition (file:///C:/Users/updes/mindcraft/src/agent/library/world.js:54:40)
    at getFullState (file:///C:/Users/updes/mindcraft/src/agent/library/full_state.js:30:19)
    at Socket.<anonymous> (file:///C:/Users/updes/mindcraft/src/agent/mindserver_proxy.js:74:31)
    at Emitter.emit (C:\Users\updes\mindcraft\node_modules\@socket.io\component-emitter\lib\cjs\index.js:143:20)
    at Socket.emitEvent (file:///C:/Users/updes/mindcraft/node_modules/socket.io-client/build/esm-debug/socket.js:552:20)
    at Socket.onevent (file:///C:/Users/updes/mindcraft/node_modules/socket.io-client/build/esm-debug/socket.js:539:18)
    at Socket.onpacket (file:///C:/Users/updes/mindcraft/node_modules/socket.io-client/build/esm-debug/socket.js:507:22)
    at Emitter.emit (C:\Users\updes\mindcraft\node_modules\@socket.io\component-emitter\lib\cjs\index.js:143:20)
    at file:///C:/Users/updes/mindcraft/node_modules/socket.io-client/build/esm-debug/manager.js:217:18
    at process.processTicksAndRejections (node:internal/process/task_queues:89:21)
Error getting full state: TypeError: Cannot read properties of undefined (reading 'position')
    at getBlockAtPosition (file:///C:/Users/updes/mindcraft/src/agent/library/world.js:54:40)
    at getFullState (file:///C:/Users/updes/mindcraft/src/agent/library/full_state.js:30:19)
    at Socket.<anonymous> (file:///C:/Users/updes/mindcraft/src/agent/mindserver_proxy.js:74:31)
    at Emitter.emit (C:\Users\updes\mindcraft\node_modules\@socket.io\component-emitter\lib\cjs\index.js:143:20)
    at Socket.emitEvent (file:///C:/Users/updes/mindcraft/node_modules/socket.io-client/build/esm-debug/socket.js:552:20)
    at Socket.onevent (file:///C:/Users/updes/mindcraft/node_modules/socket.io-client/build/esm-debug/socket.js:539:18)
    at Socket.onpacket (file:///C:/Users/updes/mindcraft/node_modules/socket.io-client/build/esm-debug/socket.js:507:22)
    at Emitter.emit (C:\Users\updes\mindcraft\node_modules\@socket.io\component-emitter\lib\cjs\index.js:143:20)
    at file:///C:/Users/updes/mindcraft/node_modules/socket.io-client/build/esm-debug/manager.js:217:18
    at process.processTicksAndRejections (node:internal/process/task_queues:89:21)
Error getting full state: TypeError: Cannot read properties of undefined (reading 'position')
    at getBlockAtPosition (file:///C:/Users/updes/mindcraft/src/agent/library/world.js:54:40)
    at getFullState (file:///C:/Users/updes/mindcraft/src/agent/library/full_state.js:30:19)
    at Socket.<anonymous> (file:///C:/Users/updes/mindcraft/src/agent/mindserver_proxy.js:74:31)
    at Emitter.emit (C:\Users\updes\mindcraft\node_modules\@socket.io\component-emitter\lib\cjs\index.js:143:20)
    at Socket.emitEvent (file:///C:/Users/updes/mindcraft/node_modules/socket.io-client/build/esm-debug/socket.js:552:20)
    at Socket.onevent (file:///C:/Users/updes/mindcraft/node_modules/socket.io-client/build/esm-debug/socket.js:539:18)
    at Socket.onpacket (file:///C:/Users/updes/mindcraft/node_modules/socket.io-client/build/esm-debug/socket.js:507:22)
    at Emitter.emit (C:\Users\updes\mindcraft\node_modules\@socket.io\component-emitter\lib\cjs\index.js:143:20)
    at file:///C:/Users/updes/mindcraft/node_modules/socket.io-client/build/esm-debug/manager.js:217:18
    at process.processTicksAndRejections (node:internal/process/task_queues:89:21)
Error getting full state: TypeError: Cannot read properties of undefined (reading 'position')
    at getBlockAtPosition (file:///C:/Users/updes/mindcraft/src/agent/library/world.js:54:40)
    at getFullState (file:///C:/Users/updes/mindcraft/src/agent/library/full_state.js:30:19)
    at Socket.<anonymous> (file:///C:/Users/updes/mindcraft/src/agent/mindserver_proxy.js:74:31)
    at Emitter.emit (C:\Users\updes\mindcraft\node_modules\@socket.io\component-emitter\lib\cjs\index.js:143:20)
    at Socket.emitEvent (file:///C:/Users/updes/mindcraft/node_modules/socket.io-client/build/esm-debug/socket.js:552:20)
    at Socket.onevent (file:///C:/Users/updes/mindcraft/node_modules/socket.io-client/build/esm-debug/socket.js:539:18)
    at Socket.onpacket (file:///C:/Users/updes/mindcraft/node_modules/socket.io-client/build/esm-debug/socket.js:507:22)
    at Emitter.emit (C:\Users\updes\mindcraft\node_modules\@socket.io\component-emitter\lib\cjs\index.js:143:20)
    at file:///C:/Users/updes/mindcraft/node_modules/socket.io-client/build/esm-debug/manager.js:217:18
    at process.processTicksAndRejections (node:internal/process/task_queues:89:21)
Error getting full state: TypeError: Cannot read properties of undefined (reading 'position')
    at getBlockAtPosition (file:///C:/Users/updes/mindcraft/src/agent/library/world.js:54:40)
    at getFullState (file:///C:/Users/updes/mindcraft/src/agent/library/full_state.js:30:19)
    at Socket.<anonymous> (file:///C:/Users/updes/mindcraft/src/agent/mindserver_proxy.js:74:31)
    at Emitter.emit (C:\Users\updes\mindcraft\node_modules\@socket.io\component-emitter\lib\cjs\index.js:143:20)
    at Socket.emitEvent (file:///C:/Users/updes/mindcraft/node_modules/socket.io-client/build/esm-debug/socket.js:552:20)
    at Socket.onevent (file:///C:/Users/updes/mindcraft/node_modules/socket.io-client/build/esm-debug/socket.js:539:18)
    at Socket.onpacket (file:///C:/Users/updes/mindcraft/node_modules/socket.io-client/build/esm-debug/socket.js:507:22)
    at Emitter.emit (C:\Users\updes\mindcraft\node_modules\@socket.io\component-emitter\lib\cjs\index.js:143:20)
    at file:///C:/Users/updes/mindcraft/node_modules/socket.io-client/build/esm-debug/manager.js:217:18
    at process.processTicksAndRejections (node:internal/process/task_queues:89:21)
Error getting full state: TypeError: Cannot read properties of undefined (reading 'position')
    at getBlockAtPosition (file:///C:/Users/updes/mindcraft/src/agent/library/world.js:54:40)
    at getFullState (file:///C:/Users/updes/mindcraft/src/agent/library/full_state.js:30:19)
    at Socket.<anonymous> (file:///C:/Users/updes/mindcraft/src/agent/mindserver_proxy.js:74:31)
    at Emitter.emit (C:\Users\updes\mindcraft\node_modules\@socket.io\component-emitter\lib\cjs\index.js:143:20)
    at Socket.emitEvent (file:///C:/Users/updes/mindcraft/node_modules/socket.io-client/build/esm-debug/socket.js:552:20)
    at Socket.onevent (file:///C:/Users/updes/mindcraft/node_modules/socket.io-client/build/esm-debug/socket.js:539:18)
    at Socket.onpacket (file:///C:/Users/updes/mindcraft/node_modules/socket.io-client/build/esm-debug/socket.js:507:22)
    at Emitter.emit (C:\Users\updes\mindcraft\node_modules\@socket.io\component-emitter\lib\cjs\index.js:143:20)
    at file:///C:/Users/updes/mindcraft/node_modules/socket.io-client/build/esm-debug/manager.js:217:18
    at process.processTicksAndRejections (node:internal/process/task_queues:89:21)
Error getting full state: TypeError: Cannot read properties of undefined (reading 'position')
    at getBlockAtPosition (file:///C:/Users/updes/mindcraft/src/agent/library/world.js:54:40)
    at getFullState (file:///C:/Users/updes/mindcraft/src/agent/library/full_state.js:30:19)
    at Socket.<anonymous> (file:///C:/Users/updes/mindcraft/src/agent/mindserver_proxy.js:74:31)
    at Emitter.emit (C:\Users\updes\mindcraft\node_modules\@socket.io\component-emitter\lib\cjs\index.js:143:20)
    at Socket.emitEvent (file:///C:/Users/updes/mindcraft/node_modules/socket.io-client/build/esm-debug/socket.js:552:20)
    at Socket.onevent (file:///C:/Users/updes/mindcraft/node_modules/socket.io-client/build/esm-debug/socket.js:539:18)
    at Socket.onpacket (file:///C:/Users/updes/mindcraft/node_modules/socket.io-client/build/esm-debug/socket.js:507:22)
    at Emitter.emit (C:\Users\updes\mindcraft\node_modules\@socket.io\component-emitter\lib\cjs\index.js:143:20)
    at file:///C:/Users/updes/mindcraft/node_modules/socket.io-client/build/esm-debug/manager.js:217:18
    at process.processTicksAndRejections (node:internal/process/task_queues:89:21)
Error getting full state: TypeError: Cannot read properBot has not spawned after 60 seconds. Exiting.
etBlockAtPosition (file:///C:/Users/updes/mindcraft/src/agent/library/world.js:54:40)
    at getFullState (file:///C:/Users/updes/mindcraft/src/agent/library/full_state.js:30:19)
    at Socket.<anonymous> (file:///C:/Users/updes/mindcraft/src/agent/mindserver_proxy.js:74:31)
    at Emitter.emit (C:\Users\updes\mindcraft\node_modules\@socket.io\component-emitter\lib\cjs\index.js:143:20)
    at Socket.emitEvent (file:///C:/Users/updes/mindcraft/node_modules/socket.io-client/build/esm-debug/socket.js:552:20)
    at Socket.onevent (file:///C:/Users/updes/mindcraft/node_modules/socket.io-client/build/esm-debug/socket.js:539:18)
    at Socket.onpacket (file:///C:/Users/updes/mindcraft/node_modules/socket.io-client/build/esm-debug/socket.js:507:22)
    at Emitter.emit (C:\Users\updes\mindcraft\node_modules\@socket.io\component-emitter\lib\cjs\index.js:143:20)
    at file:///C:/Users/updes/mindcraft/node_modules/socket.io-client/build/esm-debug/manager.js:217:18
    at process.processTicksAndRejections (node:internal/process/task_queues:89:21)
Error getting full state: TypeError: Cannot read properties of undefined (reading 'position')
    at getBlockAtPosition (file:///C:/Users/updes/mindcraft/src/agent/library/world.js:54:40)
    at getFullState (file:///C:/Users/updes/mindcraft/src/agent/library/full_state.js:30:19)
    at Socket.<anonymous> (file:///C:/Users/updes/mindcraft/src/agent/mindserver_proxy.js:74:31)
    at Emitter.emit (C:\Users\updes\mindcraft\node_modules\@socket.io\component-emitter\lib\cjs\index.js:143:20)
    at Socket.emitEvent (file:///C:/Users/updes/mindcraft/node_modules/socket.io-client/build/esm-debug/socket.js:552:20)
    at Socket.onevent (file:///C:/Users/updes/mindcraft/node_modules/socket.io-client/build/esm-debug/socket.js:539:18)
    at Socket.onpacket (file:///C:/Users/updes/mindcraft/node_modules/socket.io-client/build/esm-debug/socket.js:507:22)
    at Emitter.emit (C:\Users\updes\mindcraft\node_modules\@socket.io\component-emitter\lib\cjs\index.js:143:20)
    at file:///C:/Users/updes/mindcraft/node_modules/socket.io-client/build/esm-debug/manager.js:217:18
    at process.processTicksAndRejections (node:internal/process/task_queues:89:21)
89:21)
Error getting full state: TypeError: Cannot read properties of undefined (reading 'position')
    at getBlockAtPosition (file:///C:/Users/updes/mindcraft/src/agent/library/world.js:54:40)
    at getFullState (file:///C:/Users/updes/mindcraft/src/agent/library/full_state.js:30:19)
    at Socket.<anonymous> (file:///C:/Users/updes/mindcraft/src/agent/mindserver_proxy.js:74:31)
    at Emitter.emit (C:\Users\updes\mindcraft\node_modules\@socket.io\component-emitter\lib\cjs\index.js:143:20)
    at Socket.emitEvent (file:///C:/Users/updes/mindcraft/node_modules/socket.io-client/build/esm-debug/socket.js:552:20)
    at Socket.onevent (file:///C:/Users/updes/mindcraft/node_modules/socket.io-client/build/esm-debug/socket.js:539:18)
    at Socket.onpacket (file:///C:/Users/updes/mindcraft/node_modules/socket.io-client/build/esm-debug/socket.js:507:22)
    at Emitter.emit (C:\Users\updes\mindcraft\node_modules\@socket.io\component-emitter\lib\cjs\index.js:143:20)
    at file:///C:/Users/updes/mindcraft/node_modules/socket.io-client/build/esm-debug/manager.js:217:18
    at process.processTicksAndRejections (node:internal/process/task_queues:89:21)
Error getting full state: TypeError: Cannot read properties of undefined (reading 'position')
    at getBlockAtPosition (file:///C:/Users/updes/mindcraft/src/agent/library/world.js:54:40)
    at getFullState (file:///C:/Users/updes/mindcraft/src/agent/library/full_state.js:30:19)
    at Socket.<anonymous> (file:///C:/Users/updes/mindcraft/src/agent/mindserver_proxy.js:74:31)
    at Emitter.emit (C:\Users\updes\mindcraft\node_modules\@socket.io\component-emitter\lib\cjs\index.js:143:20)
    at Socket.emitEvent (file:///C:/Users/updes/mindcraft/node_modules/socket.io-client/build/esm-debug/socket.js:552:20)
    at Socket.onevent (file:///C:/Users/updes/mindcraft/node_modules/socket.io-client/build/esm-debug/socket.js:539:18)
    at Socket.onpacket (file:///C:/Users/updes/mindcraft/node_modules/socket.io-client/build/esm-debug/socket.js:507:22)
    at Emitter.emit (C:\Users\updes\mindcraft\node_modules\@socket.io\component-emitter\lib\cjs\index.js:143:20)
    at file:///C:/Users/updes/mindcraft/node_modules/socket.io-client/build/esm-debug/manager.js:217:18
    at process.processTicksAndRejections (node:internal/process/task_queues:89:21)
Error getting full state: TypeError: Cannot read properties of undefined (reading 'position')
    at getBlockAtPosition (file:///C:/Users/updes/mindcraft/src/agent/library/world.js:54:40)
    at getFullState (file:///C:/Users/updes/mindcraft/src/agent/library/full_state.js:30:19)
    at Socket.<anonymous> (file:///C:/Users/updes/mindcraft/src/agent/mindserver_proxy.js:74:31)
    at Emitter.emit (C:\Users\updes\mindcraft\node_modules\@socket.io\component-emitter\lib\cjs\index.js:143:20)
    at Socket.emitEvent (file:///C:/Users/updes/mindcraft/node_modules/socket.io-client/build/esm-debug/socket.js:552:20)
    at Socket.onevent (file:///C:/Users/updes/mindcraft/node_modules/socket.io-client/build/esm-debug/socket.js:539:18)
    at Socket.onpacket (file:///C:/Users/updes/mindcraft/node_modules/socket.io-client/build/esm-debug/socket.js:507:22)
    at Emitter.emit (C:\Users\updes\mindcraft\node_modules\@socket.io\component-emitter\lib\cjs\index.js:143:20)
    at file:///C:/Users/updes/mindcraft/node_modules/socket.io-client/build/esm-debug/manager.js:217:18
    at process.processTicksAndRejections (node:internal/process/task_queues:89:21)
Error getting full state: TypeError: Cannot read properties of undefined (reading 'position')
    at getBlockAtPosition (file:///C:/Users/updes/mindcraft/src/agent/library/world.js:54:40)
    at getFullState (file:///C:/Users/updes/mindcraft/src/agent/library/full_state.js:30:19)
    at Socket.<anonymous> (file:///C:/Users/updes/mindcraft/src/agent/mindserver_proxy.js:74:31)
    at Emitter.emit (C:\Users\updes\mindcraft\node_modules\@socket.io\component-emitter\lib\cjs\index.js:143:20)
    at Socket.emitEvent (file:///C:/Users/updes/mindcraft/node_modules/socket.io-client/build/esm-debug/socket.js:552:20)
    at Socket.onevent (file:///C:/Users/updes/mindcraft/node_modules/socket.io-client/build/esm-debug/socket.js:539:18)
    at Socket.onpacket (file:///C:/Users/updes/mindcraft/node_modules/socket.io-client/build/esm-debug/socket.js:507:22)
    at Emitter.emit (C:\Users\updes\mindcraft\node_modules\@socket.io\component-emitter\lib\cjs\index.js:143:20)
    at file:///C:/Users/updes/mindcraft/node_modules/socket.io-client/build/esm-debug/manager.js:217:18
    at process.processTicksAndRejections (node:internal/process/task_queues:89:21)
Error getting full state: TypeError: Cannot read properties of undefined (reading 'position')
    at getBlockAtPosition (file:///C:/Users/updes/mindcraft/src/agent/library/world.js:54:40)
    at getFullState (file:///C:/Users/updes/mindcraft/src/agent/library/full_state.js:30:19)
    at Socket.<anonymous> (file:///C:/Users/updes/mindcraft/src/agent/mindserver_proxy.js:74:31)
    at Emitter.emit (C:\Users\updes\mindcraft\node_modules\@socket.io\component-emitter\lib\cjs\index.js:143:20)
    at Socket.emitEvent (file:///C:/Users/updes/mindcraft/node_modules/socket.io-client/build/esm-debug/socket.js:552:20)
    at Socket.onevent (file:///C:/Users/updes/mindcraft/node_modules/socket.io-client/build/esm-debug/socket.js:539:18)
    at Socket.onpacket (file:///C:/Users/updes/mindcraft/node_modules/socket.io-client/build/esm-debug/socket.js:507:22)
    at Emitter.emit (C:\Users\updes\mindcraft\node_modules\@socket.io\component-emitter\lib\cjs\index.js:143:20)
    at file:///C:/Users/updes/mindcraft/node_modules/socket.io-client/build/esm-debug/manager.js:217:18
    at process.processTicksAndRejections (node:internal/process/task_queues:89:21)
Error getting full state: TypeError: Cannot read properties of undefined (reading 'position')
    at getBlockAtPosition (file:///C:/Users/updes/mindcraft/src/agent/library/world.js:54:40)
    at getFullState (file:///C:/Users/updes/mindcraft/src/agent/library/full_state.js:30:19)
    at Socket.<anonymous> (file:///C:/Users/updes/mindcraft/src/agent/mindserver_proxy.js:74:31)
    at Emitter.emit (C:\Users\updes\mindcraft\node_modules\@socket.io\component-emitter\lib\cjs\index.js:143:20)
    at Socket.emitEvent (file:///C:/Users/updes/mindcraft/node_modules/socket.io-client/build/esm-debug/socket.js:552:20)
    at Socket.onevent (file:///C:/Users/updes/mindcraft/node_modules/socket.io-client/build/esm-debug/socket.js:539:18)
    at Socket.onpacket (file:///C:/Users/updes/mindcraft/node_modules/socket.io-client/build/esm-debug/socket.js:507:22)
    at Emitter.emit (C:\Users\updes\mindcraft\node_modules\@socket.io\component-emitter\lib\cjs\index.js:143:20)
    at file:///C:/Users/updes/mindcraft/node_modules/socket.io-client/build/esm-debug/manager.js:217:18
    at process.processTicksAndRejections (node:internal/process/task_queues:89:21)
Error getting full state: TypeError: Cannot read properties of undefined (reading 'position')
    at getBlockAtPosition (file:///C:/Users/updes/mindcraft/src/agent/library/world.js:54:40)
    at getFullState (file:///C:/Users/updes/mindcraft/src/agent/library/full_state.js:30:19)
    at Socket.<anonymous> (file:///C:/Users/updes/mindcraft/src/agent/mindserver_proxy.js:74:31)
    at Emitter.emit (C:\Users\updes\mindcraft\node_modules\@socket.io\component-emitter\lib\cjs\index.js:143:20)
    at Socket.emitEvent (file:///C:/Users/updes/mindcraft/node_modules/socket.io-client/build/esm-debug/socket.js:552:20)
    at Socket.onevent (file:///C:/Users/updes/mindcraft/node_modules/socket.io-client/build/esm-debug/socket.js:539:18)
    at Socket.onpacket (file:///C:/Users/updes/mindcraft/node_modules/socket.io-client/build/esm-debug/socket.js:507:22)
    at Emitter.emit (C:\Users\updes\mindcraft\node_modules\@socket.io\component-emitter\lib\cjs\index.js:143:20)
    at file:///C:/Users/updes/mindcraft/node_modules/socket.io-client/build/esm-debug/manager.js:217:18
    at process.processTicksAndRejections (node:internal/process/task_queues:89:21)
Error getting full state: TypeError: Cannot read properties of undefined (reading 'position')
    at getBlockAtPosition (file:///C:/Users/updes/mindcraft/src/agent/library/world.js:54:40)
    at getFullState (file:///C:/Users/updes/mindcraft/src/agent/library/full_state.js:30:19)
    at Socket.<anonymous> (file:///C:/Users/updes/mindcraft/src/agent/mindserver_proxy.js:74:31)
    at Emitter.emit (C:\Users\updes\mindcraft\node_modules\@socket.io\component-emitter\lib\cjs\index.js:143:20)
    at Socket.emitEvent (file:///C:/Users/updes/mindcraft/node_modules/socket.io-client/build/esm-debug/socket.js:552:20)
    at Socket.onevent (file:///C:/Users/updes/mindcraft/node_modules/socket.io-client/build/esm-debug/socket.js:539:18)
    at Socket.onpacket (file:///C:/Users/updes/mindcraft/node_modules/socket.io-client/build/esm-debug/socket.js:507:22)
    at Emitter.emit (C:\Users\updes\mindcraft\node_modules\@socket.io\component-emitter\lib\cjs\index.js:143:20)
    at file:///C:/Users/updes/mindcraft/node_modules/socket.io-client/build/esm-debug/manager.js:217:18
    at process.processTicksAndRejections (node:internal/process/task_queues:89:21)
Error getting full state: TypeError: Cannot read properties of undefined (reading 'position')
    at getBlockAtPosition (file:///C:/Users/updes/mindcraft/src/agent/library/world.js:54:40)
    at getFullState (file:///C:/Users/updes/mindcraft/src/agent/library/full_state.js:30:19)
    at Socket.<anonymous> (file:///C:/Users/updes/mindcraft/src/agent/mindserver_proxy.js:74:31)
    at Emitter.emit (C:\Users\updes\mindcraft\node_modules\@socket.io\component-emitter\lib\cjs\index.js:143:20)
    at Socket.emitEvent (file:///C:/Users/updes/mindcraft/node_modules/socket.io-client/build/esm-debug/socket.js:552:20)
    at Socket.onevent (file:///C:/Users/updes/mindcraft/node_modules/socket.io-client/build/esm-debug/socket.js:539:18)
    at Socket.onpacket (file:///C:/Users/updes/mindcraft/node_modules/socket.io-client/build/esm-debug/socket.js:507:22)
    at Emitter.emit (C:\Users\updes\mindcraft\node_modules\@socket.io\component-emitter\lib\cjs\index.js:143:20)
    at file:///C:/Users/updes/mindcraft/node_modules/socket.io-client/build/esm-debug/manager.js:217:18
    at process.processTicksAndRejections (node:internal/process/task_queues:89:21)
Error getting full state: TypeError: Cannot read properties of undefined (reading 'position')
    at getBlockAtPosition (file:///C:/Users/updes/mindcraft/src/agent/library/world.js:54:40)
    at getFullState (file:///C:/Users/updes/mindcraft/src/agent/library/full_state.js:30:19)
    at Socket.<anonymous> (file:///C:/Users/updes/mindcraft/src/agent/mindserver_proxy.js:74:31)
    at Emitter.emit (C:\Users\updes\mindcraft\node_modules\@socket.io\component-emitter\lib\cjs\index.js:143:20)
    at Socket.emitEvent (file:///C:/Users/updes/mindcraft/node_modules/socket.io-client/build/esm-debug/socket.js:552:20)
    at Socket.onevent (file:///C:/Users/updes/mindcraft/node_modules/socket.io-client/build/esm-debug/socket.js:539:18)
    at Socket.onpacket (file:///C:/Users/updes/mindcraft/node_modules/socket.io-client/build/esm-debug/socket.js:507:22)
    at Emitter.emit (C:\Users\updes\mindcraft\node_modules\@socket.io\component-emitter\lib\cjs\index.js:143:20)
    at file:///C:/Users/updes/mindcraft/node_modules/socket.io-client/build/esm-debug/manager.js:217:18
    at process.processTicksAndRejections (node:internal/process/task_queues:89:21)
Error getting full state: TypeError: Cannot read properties of undefined (reading 'position')
    at getBlockAtPosition (file:///C:/Users/updes/mindcraft/src/agent/library/world.js:54:40)
    at getFullState (file:///C:/Users/updes/mindcraft/src/agent/library/full_state.js:30:19)
    at Socket.<anonymous> (file:///C:/Users/updes/mindcraft/src/agent/mindserver_proxy.js:74:31)
    at Emitter.emit (C:\Users\updes\mindcraft\node_modules\@socket.io\component-emitter\lib\cjs\index.js:143:20)
    at Socket.emitEvent (file:///C:/Users/updes/mindcraft/node_modules/socket.io-client/build/esm-debug/socket.js:552:20)
    at Socket.onevent (file:///C:/Users/updes/mindcraft/node_modules/socket.io-client/build/esm-debug/socket.js:539:18)
    at Socket.onpacket (file:///C:/Users/updes/mindcraft/node_modules/socket.io-client/build/esm-debug/socket.js:507:22)
    at Emitter.emit (C:\Users\updes\mindcraft\node_modules\@socket.io\component-emitter\lib\cjs\index.js:143:20)
    at file:///C:/Users/updes/mindcraft/node_modules/socket.io-client/build/esm-debug/manager.js:217:18
    at process.processTicksAndRejections (node:internal/process/task_queues:89:21)
Error getting full state: TypeError: Cannot read properties of undefined (reading 'position')
    at getBlockAtPosition (file:///C:/Users/updes/mindcraft/src/agent/library/world.js:54:40)
    at getFullState (file:///C:/Users/updes/mindcraft/src/agent/library/full_state.js:30:19)
    at Socket.<anonymous> (file:///C:/Users/updes/mindcraft/src/agent/mindserver_proxy.js:74:31)
    at Emitter.emit (C:\Users\updes\mindcraft\node_modules\@socket.io\component-emitter\lib\cjs\index.js:143:20)
    at Socket.emitEvent (file:///C:/Users/updes/mindcraft/node_modules/socket.io-client/build/esm-debug/socket.js:552:20)
    at Socket.onevent (file:///C:/Users/updes/mindcraft/node_modules/socket.io-client/build/esm-debug/socket.js:539:18)
    at Socket.onpacket (file:///C:/Users/updes/mindcraft/node_modules/socket.io-client/build/esm-debug/socket.js:507:22)
    at Emitter.emit (C:\Users\updes\mindcraft\node_modules\@socket.io\component-emitter\lib\cjs\index.js:143:20)
    at file:///C:/Users/updes/mindcraft/node_modules/socket.io-client/build/esm-debug/manager.js:217:18
    at process.processTicksAndRejections (node:internal/process/task_queues:89:21)
Error getting full state: TypeError: Cannot read properties of undefined (reading 'position')
    at getBlockAtPosition (file:///C:/Users/updes/mindcraft/src/agent/library/world.js:54:40)
    at getFullState (file:///C:/Users/updes/mindcraft/src/agent/library/full_state.js:30:19)
    at Socket.<anonymous> (file:///C:/Users/updes/mindcraft/src/agent/mindserver_proxy.js:74:31)
    at Emitter.emit (C:\Users\updes\mindcraft\node_modules\@socket.io\component-emitter\lib\cjs\index.js:143:20)
    at Socket.emitEvent (file:///C:/Users/updes/mindcraft/node_modules/socket.io-client/build/esm-debug/socket.js:552:20)
    at Socket.onevent (file:///C:/Users/updes/mindcraft/node_modules/socket.io-client/build/esm-debug/socket.js:539:18)
    at Socket.onpacket (file:///C:/Users/updes/mindcraft/node_modules/socket.io-client/build/esm-debug/socket.js:507:22)
    at Emitter.emit (C:\Users\updes\mindcraft\node_modules\@socket.io\component-emitter\lib\cjs\index.js:143:20)
    at file:///C:/Users/updes/mindcraft/node_modules/socket.io-client/build/esm-debug/manager.js:217:18
    at process.processTicksAndRejections (node:internal/process/task_queues:89:21)
Error getting full state: TypeError: Cannot read properties of undefined (reading 'position')
    at getBlockAtPosition (file:///C:/Users/updes/mindcraft/src/agent/library/world.js:54:40)
    at getFullState (file:///C:/Users/updes/mindcraft/src/agent/library/full_state.js:30:19)
    at Socket.<anonymous> (file:///C:/Users/updes/mindcraft/src/agent/mindserver_proxy.js:74:31)
    at Emitter.emit (C:\Users\updes\mindcraft\node_modules\@socket.io\component-emitter\lib\cjs\index.js:143:20)
    at Socket.emitEvent (file:///C:/Users/updes/mindcraft/node_modules/socket.io-client/build/esm-debug/socket.js:552:20)
    at Socket.onevent (file:///C:/Users/updes/mindcraft/node_modules/socket.io-client/build/esm-debug/socket.js:539:18)
    at Socket.onpacket (file:///C:/Users/updes/mindcraft/node_modules/socket.io-client/build/esm-debug/socket.js:507:22)
    at Emitter.emit (C:\Users\updes\mindcraft\node_modules\@socket.io\component-emitter\lib\cjs\index.js:143:20)
    at file:///C:/Users/updes/mindcraft/node_modules/socket.io-client/build/esm-debug/manager.js:217:18
    at process.processTicksAndRejections (node:internal/process/task_queues:89:21)
Error getting full state: TypeError: Cannot read properties of undefined (reading 'position')
    at getBlockAtPosition (file:///C:/Users/updes/mindcraft/src/agent/library/world.js:54:40)
    at getFullState (file:///C:/Users/updes/mindcraft/src/agent/library/full_state.js:30:19)
    at Socket.<anonymous> (file:///C:/Users/updes/mindcraft/src/agent/mindserver_proxy.js:74:31)
    at Emitter.emit (C:\Users\updes\mindcraft\node_modules\@socket.io\component-emitter\lib\cjs\index.js:143:20)
    at Socket.emitEvent (file:///C:/Users/updes/mindcraft/node_modules/socket.io-client/build/esm-debug/socket.js:552:20)
    at Socket.onevent (file:///C:/Users/updes/mindcraft/node_modules/socket.io-client/build/esm-debug/socket.js:539:18)
    at Socket.onpacket (file:///C:/Users/updes/mindcraft/node_modules/socket.io-client/build/esm-debug/socket.js:507:22)
    at Emitter.emit (C:\Users\updes\mindcraft\node_modules\@socket.io\component-emitter\lib\cjs\index.js:143:20)
    at file:///C:/Users/updes/mindcraft/node_modules/socket.io-client/build/esm-debug/manager.js:217:18
    at process.processTicksAndRejections (node:internal/process/task_queues:89:21)
Error getting full state: TypeError: Cannot read properties of undefined (reading 'position')
    at getBlockAtPosition (file:///C:/Users/updes/mindcraft/src/agent/library/world.js:54:40)
    at getFullState (file:///C:/Users/updes/mindcraft/src/agent/library/full_state.js:30:19)
    at Socket.<anonymous> (file:///C:/Users/updes/mindcraft/src/agent/mindserver_proxy.js:74:31)
    at Emitter.emit (C:\Users\updes\mindcraft\node_modules\@socket.io\component-emitter\lib\cjs\index.js:143:20)
    at Socket.emitEvent (file:///C:/Users/updes/mindcraft/node_modules/socket.io-client/build/esm-debug/socket.js:552:20)
    at Socket.onevent (file:///C:/Users/updes/mindcraft/node_modules/socket.io-client/build/esm-debug/socket.js:539:18)
    at Socket.onpacket (file:///C:/Users/updes/mindcraft/node_modules/socket.io-client/build/esm-debug/socket.js:507:22)
    at Emitter.emit (C:\Users\updes\mindcraft\node_modules\@socket.io\component-emitter\lib\cjs\index.js:143:20)
    at file:///C:/Users/updes/mindcraft/node_modules/socket.io-client/build/esm-debug/manager.js:217:18
    at process.processTicksAndRejections (node:internal/process/task_queues:89:21)
Error getting full state: TypeError: Cannot read properties of undefined (reading 'position')
    at getBlockAtPosition (file:///C:/Users/updes/mindcraft/src/agent/library/world.js:54:40)
    at getFullState (file:///C:/Users/updes/mindcraft/src/agent/library/full_state.js:30:19)
    at Socket.<anonymous> (file:///C:/Users/updes/mindcraft/src/agent/mindserver_proxy.js:74:31)
    at Emitter.emit (C:\Users\updes\mindcraft\node_modules\@socket.io\component-emitter\lib\cjs\index.js:143:20)
    at Socket.emitEvent (file:///C:/Users/updes/mindcraft/node_modules/socket.io-client/build/esm-debug/socket.js:552:20)
    at Socket.onevent (file:///C:/Users/updes/mindcraft/node_modules/socket.io-client/build/esm-debug/socket.js:539:18)
    at Socket.onpacket (file:///C:/Users/updes/mindcraft/node_modules/socket.io-client/build/esm-debug/socket.js:507:22)
    at Emitter.emit (C:\Users\updes\mindcraft\node_modules\@socket.io\component-emitter\lib\cjs\index.js:143:20)
    at file:///C:/Users/updes/mindcraft/node_modules/socket.io-client/build/esm-debug/manager.js:217:18
    at process.processTicksAndRejections (node:internal/process/task_queues:89:21)
Error getting full state: TypeError: Cannot read properties of undefined (reading 'position')
    at getBlockAtPosition (file:///C:/Users/updes/mindcraft/src/agent/library/world.js:54:40)
    at getFullState (file:///C:/Users/updes/mindcraft/src/agent/library/full_state.js:30:19)
    at Socket.<anonymous> (file:///C:/Users/updes/mindcraft/src/agent/mindserver_proxy.js:74:31)
    at Emitter.emit (C:\Users\updes\mindcraft\node_modules\@socket.io\component-emitter\lib\cjs\index.js:143:20)
    at Socket.emitEvent (file:///C:/Users/updes/mindcraft/node_modules/socket.io-client/build/esm-debug/socket.js:552:20)
    at Socket.onevent (file:///C:/Users/updes/mindcraft/node_modules/socket.io-client/build/esm-debug/socket.js:539:18)
    at Socket.onpacket (file:///C:/Users/updes/mindcraft/node_modules/socket.io-client/build/esm-debug/socket.js:507:22)
    at Emitter.emit (C:\Users\updes\mindcraft\node_modules\@socket.io\component-emitter\lib\cjs\index.js:143:20)
    at file:///C:/Users/updes/mindcraft/node_modules/socket.io-client/build/esm-debug/manager.js:217:18
    at process.processTicksAndRejections (node:internal/process/task_queues:89:21)
Error getting full state: TypeError: Cannot read properties of undefined (reading 'position')
    at getBlockAtPosition (file:///C:/Users/updes/mindcraft/src/agent/library/world.js:54:40)
    at getFullState (file:///C:/Users/updes/mindcraft/src/agent/library/full_state.js:30:19)
    at Socket.<anonymous> (file:///C:/Users/updes/mindcraft/src/agent/mindserver_proxy.js:74:31)
    at Emitter.emit (C:\Users\updes\mindcraft\node_modules\@socket.io\component-emitter\lib\cjs\index.js:143:20)
    at Socket.emitEvent (file:///C:/Users/updes/mindcraft/node_modules/socket.io-client/build/esm-debug/socket.js:552:20)
    at Socket.onevent (file:///C:/Users/updes/mindcraft/node_modules/socket.io-client/build/esm-debug/socket.js:539:18)
    at Socket.onpacket (file:///C:/Users/updes/mindcraft/node_modules/socket.io-client/build/esm-debug/socket.js:507:22)
    at Emitter.emit (C:\Users\updes\mindcraft\node_modules\@socket.io\component-emitter\lib\cjs\index.js:143:20)
    at file:///C:/Users/updes/mindcraft/node_modules/socket.io-client/build/esm-debug/manager.js:217:18
    at process.processTicksAndRejections (node:internal/process/task_queues:89:21)
Error getting full state: TypeError: Cannot read properties of undefined (reading 'position')
    at getBlockAtPosition (file:///C:/Users/updes/mindcraft/src/agent/library/world.js:54:40)
    at getFullState (file:///C:/Users/updes/mindcraft/src/agent/library/full_state.js:30:19)
    at Socket.<anonymous> (file:///C:/Users/updes/mindcraft/src/agent/mindserver_proxy.js:74:31)
    at Emitter.emit (C:\Users\updes\mindcraft\node_modules\@socket.io\component-emitter\lib\cjs\index.js:143:20)
    at Socket.emitEvent (file:///C:/Users/updes/mindcraft/node_modules/socket.io-client/build/esm-debug/socket.js:552:20)
    at Socket.onevent (file:///C:/Users/updes/mindcraft/node_modules/socket.io-client/build/esm-debug/socket.js:539:18)
    at Socket.onpacket (file:///C:/Users/updes/mindcraft/node_modules/socket.io-client/build/esm-debug/socket.js:507:22)
    at Emitter.emit (C:\Users\updes\mindcraft\node_modules\@socket.io\component-emitter\lib\cjs\index.js:143:20)
    at file:///C:/Users/updes/mindcraft/node_modules/socket.io-client/build/esm-debug/manager.js:217:18
    at process.processTicksAndRejections (node:internal/process/task_queues:89:21)
Error getting full state: TypeError: Cannot read properties of undefined (reading 'position')
    at getBlockAtPosition (file:///C:/Users/updes/mindcraft/src/agent/library/world.js:54:40)
    at getFullState (file:///C:/Users/updes/mindcraft/src/agent/library/full_state.js:30:19)
    at Socket.<anonymous> (file:///C:/Users/updes/mindcraft/src/agent/mindserver_proxy.js:74:31)
    at Emitter.emit (C:\Users\updes\mindcraft\node_modules\@socket.io\component-emitter\lib\cjs\index.js:143:20)
    at Socket.emitEvent (file:///C:/Users/updes/mindcraft/node_modules/socket.io-client/build/esm-debug/socket.js:552:20)
    at Socket.onevent (file:///C:/Users/updes/mindcraft/node_modules/socket.io-client/build/esm-debug/socket.js:539:18)
    at Socket.onpacket (file:///C:/Users/updes/mindcraft/node_modules/socket.io-client/build/esm-debug/socket.js:507:22)
    at Emitter.emit (C:\Users\updes\mindcraft\node_modules\@socket.io\component-emitter\lib\cjs\index.js:143:20)
    at file:///C:/Users/updes/mindcraft/node_modules/socket.io-client/build/esm-debug/manager.js:217:18
    at process.processTicksAndRejections (node:internal/process/task_queues:89:21)
Error getting full state: TypeError: Cannot read properties of undefined (reading 'position')
    at getBlockAtPosition (file:///C:/Users/updes/mindcraft/src/agent/library/world.js:54:40)
    at getFullState (file:///C:/Users/updes/mindcraft/src/agent/library/full_state.js:30:19)
    at Socket.<anonymous> (file:///C:/Users/updes/mindcraft/src/agent/mindserver_proxy.js:74:31)
    at Emitter.emit (C:\Users\updes\mindcraft\node_modules\@socket.io\component-emitter\lib\cjs\index.js:143:20)
    at Socket.emitEvent (file:///C:/Users/updes/mindcraft/node_modules/socket.io-client/build/esm-debug/socket.js:552:20)
    at Socket.onevent (file:///C:/Users/updes/mindcraft/node_modules/socket.io-client/build/esm-debug/socket.js:539:18)
    at Socket.onpacket (file:///C:/Users/updes/mindcraft/node_modules/socket.io-client/build/esm-debug/socket.js:507:22)
    at Emitter.emit (C:\Users\updes\mindcraft\node_modules\@socket.io\component-emitter\lib\cjs\index.js:143:20)
    at file:///C:/Users/updes/mindcraft/node_modules/socket.io-client/build/esm-debug/manager.js:217:18
    at process.processTicksAndRejections (node:internal/process/task_queues:89:21)
Bot has not spawned after 60 seconds. Exiting.
Error getting full state: TypeError: Cannot read properties of undefined (reading 'timeOfDay')
    at getFullState (file:///C:/Users/updes/mindcraft/src/agent/library/full_state.js:27:18)
    at Socket.<anonymous> (file:///C:/Users/updes/mindcraft/src/agent/mindserver_proxy.js:74:31)
    at Emitter.emit (C:\Users\updes\mindcraft\node_modules\@socket.io\component-emitter\lib\cjs\index.js:143:20)
    at Socket.emitEvent (file:///C:/Users/updes/mindcraft/node_modules/socket.io-client/build/esm-debug/socket.js:552:20)
    at Socket.onevent (file:///C:/Users/updes/mindcraft/node_modules/socket.io-client/build/esm-debug/socket.js:539:18)
    at Socket.onpacket (file:///C:/Users/updes/mindcraft/node_modules/socket.io-client/build/esm-debug/socket.js:507:22)
    at Emitter.emit (C:\Users\updes\mindcraft\node_modules\@socket.io\component-emitter\lib\cjs\index.js:143:20)
    at file:///C:/Users/updes/mindcraft/node_modules/socket.io-client/build/esm-debug/manager.js:217:18
    at process.processTicksAndRejections (node:internal/process/task_queues:89:21)
Disconnected: {"color":"red","text":"you are already connected to this proxy!"}
[LoginGuard] Name Conflict: The name is already in use or you are already logged in.
Bot has not spawned after 60 seconds. Exiting.
[LoginGuard] Connection Error: Error: read ECONNRESET
Disconnected: socketclosed
[LoginGuard] Connection Failed: Server is under maintenance or restarting.
Bot has not spawned after 60 seconds. Exiting.
[LoginGuard] Disconnected: {"type":"compound","value":{"color":{"type":"string","value":"red"},"extra":{"type":"list","value":{"type":"compound","value":[{"color":{"type":"string","value":"yellow"},"underlined":{"type":"byte","value":0},"bold":{"type":"byte","value":1},"strikethrough":{"type":"byte","value":0},"text":{"type":"string","value":"auth "},"italic":{"type":"byte","value":0},"obfuscated":{"type":"byte","value":0}},{"bold":{"type":"byte","value":0},"text":{"type":"string","value":"incorrect password."},"color":{"type":"string","value":"red"},"italic":{"type":"byte","value":0}}]}},"text":{"type":"string","value":"you were kicked from lobby: "}}}
[Reflection] Error: Cannot read properties of undefined (reading 'sendRequest')
[MetaLearner] Error: Cannot read properties of undefined (reading 'sendRequest')
[Agent] Could not join survival via commands. Will retry in next cycle.
dcraft/src/agent/mindserver_proxy.js:74:31)
    at Emitter.emit (C:\Users\updes\mindcraft\node_modules\@socket.io\component-emitter\lib\cjs\index.js:143:20)
    at Socket.emitEvent (file:///C:/Users/updes/mindcraft/node_modules/socket.io-client/build/esm-debug/socket.js:552:20)
    at Socket.onevent (file:///C:/Users/updes/mindcraft/node_modules/socket.io-client/build/esm-debug/socket.js:539:18)
    at Socket.onpacket (file:///C:/Users/updes/mindcraft/node_modules/socket.io-client/build/esm-debug/socket.js:507:22)
    at Emitter.emit (C:\Users\updes\mindcraft\node_modules\@socket.io\component-emitter\lib\cjs\index.js:143:20)
    at file:///C:/Users/updes/mindcraft/node_modules/socket.io-client/build/esm-debug/manager.js:217:18
    at process.processTicksAndRejections (node:internal/process/task_queues:89:21)
Error getting full state: TypeError: Cannot read properties of undefined (reading 'position')
    at getBlockAtPosition (file:///C:/Users/updes/mindcraft/src/agent/library/world.js:54:40)
    at getFullState (file:///C:/Users/updes/mindcraft/src/agent/library/full_state.js:30:19)
    at Socket.<anonymous> (file:///C:/Users/updes/mindcraft/src/agent/mindserver_proxy.js:74:31)
    at Emitter.emit (C:\Users\updes\mindcraft\node_modules\@socket.io\component-emitter\lib\cjs\index.js:143:20)
    at Socket.emitEvent (file:///C:/Users/updes/mindcraft/node_modules/socket.io-client/build/esm-debug/socket.js:552:20)
    at Socket.onevent (file:///C:/Users/updes/mindcraft/node_modules/socket.io-client/build/esm-debug/socket.js:539:18)
    at Socket.onpacket (file:///C:/Users/updes/mindcraft/node_modules/socket.io-client/build/esm-debug/socket.js:507:22)
    at Emitter.emit (C:\Users\updes\mindcraft\node_modules\@socket.io\component-emitter\lib\cjs\index.js:143:20)
    at file:///C:/Users/updes/mindcraft/node_modules/socket.io-client/build/esm-debug/manager.js:217:18
    at process.processTicksAndRejections (node:internal/process/task_queues:89:21)
Error getting full state: TypeError: Cannot read properties of undefined (reading 'position')
    at getBlockAtPosition (file:///C:/Users/updes/mindcraft/src/agent/library/world.js:54:40)
    at getFullState (file:///C:/Users/updes/mindcraft/src/agent/library/full_state.js:30:19)
    at Socket.<anonymous> (file:///C:/Users/updes/mindcraft/src/agent/mindserver_proxy.js:74:31)
    at Emitter.emit (C:\Users\updes\mindcraft\node_modules\@socket.io\component-emitter\lib\cjs\index.js:143:20)
    at Socket.emitEvent (file:///C:/Users/updes/mindcraft/node_modules/socket.io-client/build/esm-debug/socket.js:552:20)
    at Socket.onevent (file:///C:/Users/updes/mindcraft/node_modules/socket.io-client/build/esm-debug/socket.js:539:18)
    at Socket.onpacket (file:///C:/Users/updes/mindcraft/node_modules/socket.io-client/build/esm-debug/socket.js:507:22)
    at Emitter.emit (C:\Users\updes\mindcraft\node_modules\@socket.io\component-emitter\lib\cjs\index.js:143:20)
    at file:///C:/Users/updes/mindcraft/node_modules/socket.io-client/build/esm-debug/manager.js:217:18
    at process.processTicksAndRejections (node:internal/process/task_queues:89:21)
Error getting full state: TypeError: Cannot read properties of undefined (reading 'position')
    at getBlockAtPosition (file:///C:/Users/updes/mindcraft/src/agent/library/world.js:54:40)
    at getFullState (file:///C:/Users/updes/mindcraft/src/agent/library/full_state.js:30:19)
    at Socket.<anonymous> (file:///C:/Users/updes/mindcraft/src/agent/mindserver_proxy.js:74:31)
    at Emitter.emit (C:\Users\updes\mindcraft\node_modules\@socket.io\component-emitter\lib\cjs\index.js:143:20)
    at Socket.emitEvent (file:///C:/Users/updes/mindcraft/node_modules/socket.io-client/build/esm-debug/socket.js:552:20)
    at Socket.onevent (file:///C:/Users/updes/mindcraft/node_modules/socket.io-client/build/esm-debug/socket.js:539:18)
    at Socket.onpacket (file:///C:/Users/updes/mindcraft/node_modules/socket.io-client/build/esm-debug/socket.js:507:22)
    at Emitter.emit (C:\Users\updes\mindcraft\node_modules\@socket.io\component-emitter\lib\cjs\index.js:143:20)
    at file:///C:/Users/updes/mindcraft/node_modules/socket.io-client/build/esm-debug/manager.js:217:18
    at process.processTicksAndRejections (node:internal/process/task_queues:89:21)
Bot has not spawned after 60 seconds. Exiting.
Error getting full state: TypeError: Cannot read properties of undefined (reading 'timeOfDay')
    at getFullState (file:///C:/Users/updes/mindcraft/src/agent/library/full_state.js:27:18)
    at Socket.<anonymous> (file:///C:/Users/updes/mindcraft/src/agent/mindserver_proxy.js:74:31)
    at Emitter.emit (C:\Users\updes\mindcraft\node_modules\@socket.io\component-emitter\lib\cjs\index.js:143:20)
    at Socket.emitEvent (file:///C:/Users/updes/mindcraft/node_modules/socket.io-client/build/esm-debug/socket.js:552:20)
    at Socket.onevent (file:///C:/Users/updes/mindcraft/node_modules/socket.io-client/build/esm-debug/socket.js:539:18)
    at Socket.onpacket (file:///C:/Users/updes/mindcraft/node_modules/socket.io-client/build/esm-debug/socket.js:507:22)
    at Emitter.emit (C:\Users\updes\mindcraft\node_modules\@socket.io\component-emitter\lib\cjs\index.js:143:20)
    at file:///C:/Users/updes/mindcraft/node_modules/socket.io-client/build/esm-debug/manager.js:217:18
    at process.processTicksAndRejections (node:internal/process/task_queues:89:21)
Error getting full state: TypeError: Cannot read properties of undefined (reading 'timeOfDay')
    at getFullState (file:///C:/Users/updes/mindcraft/src/agent/library/full_state.js:27:18)
    at Socket.<anonymous> (file:///C:/Users/updes/mindcraft/src/agent/mindserver_proxy.js:74:31)
    at Emitter.emit (C:\Users\updes\mindcraft\node_modules\@socket.io\component-emitter\lib\cjs\index.js:143:20)
    at Socket.emitEvent (file:///C:/Users/updes/mindcraft/node_modules/socket.io-client/build/esm-debug/socket.js:552:20)
    at Socket.onevent (file:///C:/Users/updes/mindcraft/node_modules/socket.io-client/build/esm-debug/socket.js:539:18)
    at Socket.onpacket (file:///C:/Users/updes/mindcraft/node_modules/socket.io-client/build/esm-debug/socket.js:507:22)
    at Emitter.emit (C:\Users\updes\mindcraft\node_modules\@socket.io\component-emitter\lib\cjs\index.js:143:20)
    at file:///C:/Users/updes/mindcraft/node_modules/socket.io-client/build/esm-debug/manager.js:217:18
    at process.processTicksAndRejections (node:internal/process/task_queues:89:21)
Error getting full state: TypeError: Cannot read properties of undefined (reading 'timeOfDay')
    at getFullState (file:///C:/Users/updes/mindcraft/src/agent/library/full_state.js:27:18)
    at Socket.<anonymous> (file:///C:/Users/updes/mindcraft/src/agent/mindserver_proxy.js:74:31)
    at Emitter.emit (C:\Users\updes\mindcraft\node_modules\@socket.io\component-emitter\lib\cjs\index.js:143:20)
    at Socket.emitEvent (file:///C:/Users/updes/mindcraft/node_modules/socket.io-client/build/esm-debug/socket.js:552:20)
    at Socket.onevent (file:///C:/Users/updes/mindcraft/node_modules/socket.io-client/build/esm-debug/socket.js:539:18)
    at Socket.onpacket (file:///C:/Users/updes/mindcraft/node_modules/socket.io-client/build/esm-debug/socket.js:507:22)
    at Emitter.emit (C:\Users\updes\mindcraft\node_modules\@socket.io\component-emitter\lib\cjs\index.js:143:20)
    at file:///C:/Users/updes/mindcraft/node_modules/socket.io-client/build/esm-debug/manager.js:217:18
    at process.processTicksAndRejections (node:internal/process/task_queues:89:21)
Error getting full state: TypeError: Cannot read properties of undefined (reading 'timeOfDay')
    at getFullState (file:///C:/Users/updes/mindcraft/src/agent/library/full_state.js:27:18)
    at Socket.<anonymous> (file:///C:/Users/updes/mindcraft/src/agent/mindserver_proxy.js:74:31)
    at Emitter.emit (C:\Users\updes\mindcraft\node_modules\@socket.io\component-emitter\lib\cjs\index.js:143:20)
    at Socket.emitEvent (file:///C:/Users/updes/mindcraft/node_modules/socket.io-client/build/esm-debug/socket.js:552:20)
    at Socket.onevent (file:///C:/Users/updes/mindcraft/node_modules/socket.io-client/build/esm-debug/socket.js:539:18)
    at Socket.onpacket (file:///C:/Users/updes/mindcraft/node_modules/socket.io-client/build/esm-debug/socket.js:507:22)
    at Emitter.emit (C:\Users\updes\mindcraft\node_modules\@socket.io\component-emitter\lib\cjs\index.js:143:20)
    at file:///C:/Users/updes/mindcraft/node_modules/socket.io-client/build/esm-debug/manager.js:217:18
    at process.processTicksAndRejections (node:internal/process/task_queues:89:21)
Error getting full state: TypeError: Cannot read properties of undefined (reading 'timeOfDay')
    at getFullState (file:///C:/Users/updes/mindcraft/src/agent/library/full_state.js:27:18)
    at Socket.<anonymous> (file:///C:/Users/updes/mindcraft/src/agent/mindserver_proxy.js:74:31)
    at Emitter.emit (C:\Users\updes\mindcraft\node_modules\@socket.io\component-emitter\lib\cjs\index.js:143:20)
    at Socket.emitEvent (file:///C:/Users/updes/mindcraft/node_modules/socket.io-client/build/esm-debug/socket.js:552:20)
    at Socket.onevent (file:///C:/Users/updes/mindcraft/node_modules/socket.io-client/build/esm-debug/socket.js:539:18)
    at Socket.onpacket (file:///C:/Users/updes/mindcraft/node_modules/socket.io-client/build/esm-debug/socket.js:507:22)
    at Emitter.emit (C:\Users\updes\mindcraft\node_modules\@socket.io\component-emitter\lib\cjs\index.js:143:20)
    at file:///C:/Users/updes/mindcraft/node_modules/socket.io-client/build/esm-debug/manager.js:217:18
    at process.processTicksAndRejections (node:internal/process/task_queues:89:21)
Error getting full state: TypeError: Cannot read properties of undefined (reading 'position')
    at getBlockAtPosition (file:///C:/Users/updes/mindcraft/src/agent/library/world.js:54:40)
    at getFullState (file:///C:/Users/updes/mindcraft/src/agent/library/full_state.js:30:19)
    at Socket.<anonymous> (file:///C:/Users/updes/mindcraft/src/agent/mindserver_proxy.js:74:31)
    at Emitter.emit (C:\Users\updes\mindcraft\node_modules\@socket.io\component-emitter\lib\cjs\index.js:143:20)
    at Socket.emitEvent (file:///C:/Users/updes/mindcraft/node_modules/socket.io-client/build/esm-debug/socket.js:552:20)
    at Socket.onevent (file:///C:/Users/updes/mindcraft/node_modules/socket.io-client/build/esm-debug/socket.js:539:18)
    at Socket.onpacket (file:///C:/Users/updes/mindcraft/node_modules/socket.io-client/build/esm-debug/socket.js:507:22)
    at Emitter.emit (C:\Users\updes\mindcraft\node_modules\@socket.io\component-emitter\lib\cjs\index.js:143:20)
    at file:///C:/Users/updes/mindcraft/node_modules/socket.io-client/build/esm-debug/manager.js:217:18
    at process.processTicksAndRejections (node:internal/process/task_queues:89:21)
Error getting full state: TypeError: Cannot read properties of undefined (reading 'position')
    at getBlockAtPosition (file:///C:/Users/updes/mindcraft/src/agent/library/world.js:54:40)
    at getFullState (file:///C:/Users/updes/mindcraft/src/agent/library/full_state.js:30:19)
    at Socket.<anonymous> (file:///C:/Users/updes/mindcraft/src/agent/mindserver_proxy.js:74:31)
    at Emitter.emit (C:\Users\updes\mindcraft\node_modules\@socket.io\component-emitter\lib\cjs\index.js:143:20)
    at Socket.emitEvent (file:///C:/Users/updes/mindcraft/node_modules/socket.io-client/build/esm-debug/socket.js:552:20)
    at Socket.onevent (file:///C:/Users/updes/mindcraft/node_modules/socket.io-client/build/esm-debug/socket.js:539:18)
    at Socket.onpacket (file:///C:/Users/updes/mindcraft/node_modules/socket.io-client/build/esm-debug/socket.js:507:22)
    at Emitter.emit (C:\Users\updes\mindcraft\node_modules\@socket.io\component-emitter\lib\cjs\index.js:143:20)
    at file:///C:/Users/updes/mindcraft/node_modules/socket.io-client/build/esm-debug/manager.js:217:18
    at process.processTicksAndRejections (node:internal/process/task_queues:89:21)
Error getting full state: TypeError: Cannot read properties of undefined (reading 'position')
    at getBlockAtPosition (file:///C:/Users/updes/mindcraft/src/agent/library/world.js:54:40)
    at getFullState (file:///C:/Users/updes/mindcraft/src/agent/library/full_state.js:30:19)
    at Socket.<anonymous> (file:///C:/Users/updes/mindcraft/src/agent/mindserver_proxy.js:74:31)
    at Emitter.emit (C:\Users\updes\mindcraft\node_modules\@socket.io\component-emitter\lib\cjs\index.js:143:20)
    at Socket.emitEvent (file:///C:/Users/updes/mindcraft/node_modules/socket.io-client/build/esm-debug/socket.js:552:20)
    at Socket.onevent (file:///C:/Users/updes/mindcraft/node_modules/socket.io-client/build/esm-debug/socket.js:539:18)
    at Socket.onpacket (file:///C:/Users/updes/mindcraft/node_modules/socket.io-client/build/esm-debug/socket.js:507:22)
    at Emitter.emit (C:\Users\updes\mindcraft\node_modules\@socket.io\component-emitter\lib\cjs\index.js:143:20)
    at file:///C:/Users/updes/mindcraft/node_modules/socket.io-client/build/esm-debug/manager.js:217:18
    at process.processTicksAndRejections (node:internal/process/task_queues:89:21)
Error getting full state: TypeError: Cannot read properties of undefined (reading 'position')
    at getBlockAtPosition (file:///C:/Users/updes/mindcraft/src/agent/library/world.js:54:40)
    at getFullState (file:///C:/Users/updes/mindcraft/src/agent/library/full_state.js:30:19)
    at Socket.<anonymous> (file:///C:/Users/updes/mindcraft/src/agent/mindserver_proxy.js:74:31)
    at Emitter.emit (C:\Users\updes\mindcraft\node_modules\@socket.io\component-emitter\lib\cjs\index.js:143:20)
    at Socket.emitEvent (file:///C:/Users/updes/mindcraft/node_modules/socket.io-client/build/esm-debug/socket.js:552:20)
    at Socket.onevent (file:///C:/Users/updes/mindcraft/node_modules/socket.io-client/build/esm-debug/socket.js:539:18)
    at Socket.onpacket (file:///C:/Users/updes/mindcraft/node_modules/socket.io-client/build/esm-debug/socket.js:507:22)
    at Emitter.emit (C:\Users\updes\mindcraft\node_modules\@socket.io\component-emitter\lib\cjs\index.js:143:20)
    at file:///C:/Users/updes/mindcraft/node_modules/socket.io-client/build/esm-debug/manager.js:217:18
    at process.processTicksAndRejections (node:internal/process/task_queues:89:21)
[LoginGuard] Connection Error: Error: read ECONNRESET
Disconnected: socketclosed
[LoginGuard] Connection Failed: Server is under maintenance or restarting.
Error getting full state: TypeError: Cannot read properties of undefined (reading 'position')
    at getBlockAtPosition (file:///C:/Users/updes/mindcraft/src/agent/library/world.js:54:40)
    at getFullState (file:///C:/Users/updes/mindcraft/src/agent/library/full_state.js:30:19)
    at Socket.<anonymous> (file:///C:/Users/updes/mindcraft/src/agent/mindserver_proxy.js:74:31)
    at Emitter.emit (C:\Users\updes\mindcraft\node_modules\@socket.io\component-emitter\lib\cjs\index.js:143:20)
    at Socket.emitEvent (file:///C:/Users/updes/mindcraft/node_modules/socket.io-client/build/esm-debug/socket.js:552:20)
    at Socket.onevent (file:///C:/Users/updes/mindcraft/node_modules/socket.io-client/build/esm-debug/socket.js:539:18)
    at Socket.onpacket (file:///C:/Users/updes/mindcraft/node_modules/socket.io-client/build/esm-debug/socket.js:507:22)
    at Emitter.emit (C:\Users\updes\mindcraft\node_modules\@socket.io\component-emitter\lib\cjs\index.js:143:20)
    at file:///C:/Users/updes/mindcraft/node_modules/socket.io-client/build/esm-debug/manager.js:217:18
    at process.processTicksAndRejections (node:internal/process/task_queues:89:21)
Error getting full state: TypeError: Cannot read properties of undefined (reading 'position')
    at getBlockAtPosition (file:///C:/Users/updes/mindcraft/src/agent/library/world.js:54:40)
    at getFullState (file:///C:/Users/updes/mindcraft/src/agent/library/full_state.js:30:19)
    at Socket.<anonymous> (file:///C:/Users/updes/mindcraft/src/agent/mindserver_proxy.js:74:31)
    at Emitter.emit (C:\Users\updes\mindcraft\node_modules\@socket.io\component-emitter\lib\cjs\index.js:143:20)
    at Socket.emitEvent (file:///C:/Users/updes/mindcraft/node_modules/socket.io-client/build/esm-debug/socket.js:552:20)
    at Socket.onevent (file:///C:/Users/updes/mindcraft/node_modules/socket.io-client/build/esm-debug/socket.js:539:18)
    at Socket.onpacket (file:///C:/Users/updes/mindcraft/node_modules/socket.io-client/build/esm-debug/socket.js:507:22)
    at Emitter.emit (C:\Users\updes\mindcraft\node_modules\@socket.io\component-emitter\lib\cjs\index.js:143:20)
    at file:///C:/Users/updes/mindcraft/node_modules/socket.io-client/build/esm-debug/manager.js:217:18
    at process.processTicksAndRejections (node:internal/process/task_queues:89:21)
Bot has not spawned after 60 seconds. Exiting.
[LoginGuard] Connection Error: Error: read ECONNRESET
Disconnected: socketclosed
[LoginGuard] Connection Failed: Server is under maintenance or restarting.
Bot has not spawned after 60 seconds. Exiting.
[LoginGuard] Connection Error: Error: read ECONNRESET
Disconnected: socketclosed
[LoginGuard] Connection Failed: Server is under maintenance or restarting.
Bot has not spawned after 60 seconds. Exiting.
[Reflection] Error: Cannot read properties of undefined (reading 'sendRequest')
[MetaLearner] Error: Cannot read properties of undefined (reading 'sendRequest')
[LoginGuard] Connection Error: Error: write ECONNABORTED
Disconnected: socketclosed
[LoginGuard] Connection Failed: Server is under maintenance or restarting.
Error getting full state: TypeError: Cannot read properties of undefined (reading 'timeOfDay')
    at getFullState (file:///C:/Users/updes/mindcraft/src/agent/library/full_state.js:27:18)
    at Socket.<anonymous> (file:///C:/Users/updes/mindcraft/src/agent/mindserver_proxy.js:74:31)
    at Emitter.emit (C:\Users\updes\mindcraft\node_modules\@socket.io\component-emitter\lib\cjs\index.js:143:20)
    at Socket.emitEvent (file:///C:/Users/updes/mindcraft/node_modules/socket.io-client/build/esm-debug/socket.js:552:20)
    at Socket.onevent (file:///C:/Users/updes/mindcraft/node_modules/socket.io-client/build/esm-debug/socket.js:539:18)
    at Socket.onpacket (file:///C:/Users/updes/mindcraft/node_modules/socket.io-client/build/esm-debug/socket.js:507:22)
    at Emitter.emit (C:\Users\updes\mindcraft\node_modules\@socket.io\component-emitter\lib\cjs\index.js:143:20)
    at file:///C:/Users/updes/mindcraft/node_modules/socket.io-client/build/esm-debug/manager.js:217:18
    at process.processTicksAndRejections (node:internal/process/task_queues:89:21)
Error getting full state: TypeError: Cannot read properties of undefined (reading 'timeOfDay')
    at getFullState (file:///C:/Users/updes/mindcraft/src/agent/library/full_state.js:27:18)
    at Socket.<anonymous> (file:///C:/Users/updes/mindcraft/src/agent/mindserver_proxy.js:74:31)
    at Emitter.emit (C:\Users\updes\mindcraft\node_modules\@socket.io\component-emitter\lib\cjs\index.js:143:20)
    at Socket.emitEvent (file:///C:/Users/updes/mindcraft/node_modules/socket.io-client/build/esm-debug/socket.js:552:20)
    at Socket.onevent (file:///C:/Users/updes/mindcraft/node_modules/socket.io-client/build/esm-debug/socket.js:539:18)
    at Socket.onpacket (file:///C:/Users/updes/mindcraft/node_modules/socket.io-client/build/esm-debug/socket.js:507:22)
    at Emitter.emit (C:\Users\updes\mindcraft\node_modules\@socket.io\component-emitter\lib\cjs\index.js:143:20)
    at file:///C:/Users/updes/mindcraft/node_modules/socket.io-client/build/esm-debug/manager.js:217:18
    at process.processTicksAndRejections (node:internal/process/task_queues:89:21)
Error getting full state: TypeError: Cannot read properties of undefined (reading 'position')
    at getBlockAtPosition (file:///C:/Users/updes/mindcraft/src/agent/library/world.js:54:40)
    at getFullState (file:///C:/Users/updes/mindcraft/src/agent/library/full_state.js:30:19)
    at Socket.<anonymous> (file:///C:/Users/updes/mindcraft/src/agent/mindserver_proxy.js:74:31)
    at Emitter.emit (C:\Users\updes\mindcraft\node_modules\@socket.io\component-emitter\lib\cjs\index.js:143:20)
    at Socket.emitEvent (file:///C:/Users/updes/mindcraft/node_modules/socket.io-client/build/esm-debug/socket.js:552:20)
    at Socket.onevent (file:///C:/Users/updes/mindcraft/node_modules/socket.io-client/build/esm-debug/socket.js:539:18)
    at Socket.onpacket (file:///C:/Users/updes/mindcraft/node_modules/socket.io-client/build/esm-debug/socket.js:507:22)
    at Emitter.emit (C:\Users\updes\mindcraft\node_modules\@socket.io\component-emitter\lib\cjs\index.js:143:20)
    at file:///C:/Users/updes/mindcraft/node_modules/socket.io-client/build/esm-debug/manager.js:217:18
    at process.processTicksAndRejections (node:internal/process/task_queues:89:21)
Error getting full state: TypeError: Cannot read properties of undefined (reading 'position')
    at getBlockAtPosition (file:///C:/Users/updes/mindcraft/src/agent/library/world.js:54:40)
    at getFullState (file:///C:/Users/updes/mindcraft/src/agent/library/full_state.js:30:19)
    at Socket.<anonymous> (file:///C:/Users/updes/mindcraft/src/agent/mindserver_proxy.js:74:31)
    at Emitter.emit (C:\Users\updes\mindcraft\node_modules\@socket.io\component-emitter\lib\cjs\index.js:143:20)
    at Socket.emitEvent (file:///C:/Users/updes/mindcraft/node_modules/socket.io-client/build/esm-debug/socket.js:552:20)
    at Socket.onevent (file:///C:/Users/updes/mindcraft/node_modules/socket.io-client/build/esm-debug/socket.js:539:18)
    at Socket.onpacket (file:///C:/Users/updes/mindcraft/node_modules/socket.io-client/build/esm-debug/socket.js:507:22)
    at Emitter.emit (C:\Users\updes\mindcraft\node_modules\@socket.io\component-emitter\lib\cjs\index.js:143:20)
    at file:///C:/Users/updes/mindcraft/node_modules/socket.io-client/build/esm-debug/manager.js:217:18
    at process.processTicksAndRejections (node:internal/process/task_queues:89:21)
[Reflection] Error: Cannot read properties of undefined (reading 'sendRequest')
[MetaLearner] Error: Cannot read properties of undefined (reading 'sendRequest')
[LoginGuard] Disconnected: {"type":"compound","value":{"color":{"type":"string","value":"red"},"extra":{"type":"list","value":{"type":"compound","value":[{"color":{"type":"string","value":"yellow"},"underlined":{"type":"byte","value":0},"bold":{"type":"byte","value":1},"strikethrough":{"type":"byte","value":0},"text":{"type":"string","value":"auth "},"italic":{"type":"byte","value":0},"obfuscated":{"type":"byte","value":0}},{"bold":{"type":"byte","value":0},"text":{"type":"string","value":"incorrect password."},"color":{"type":"string","value":"red"},"italic":{"type":"byte","value":0}}]}},"text":{"type":"string","value":"you were kicked from lobby: "}}}
[Agent] Could not join survival via commands. Will retry in next cycle.
